Archive member included to satisfy reference by file (symbol)

d:/code_env/gcc-arm-none-eabi-10.3-2021.10/bin/../lib/gcc/arm-none-eabi/10.3.1/thumb/v7e-m/nofp\libgcc.a(_aeabi_uldivmod.o)
                              CMakeFiles/APARControllerSlave.elf.dir/Drivers/STM32F4xx_HAL_Driver/Src/stm32f4xx_hal_rcc.c.obj (__aeabi_uldivmod)
d:/code_env/gcc-arm-none-eabi-10.3-2021.10/bin/../lib/gcc/arm-none-eabi/10.3.1/thumb/v7e-m/nofp\libgcc.a(_udivmoddi4.o)
                              d:/code_env/gcc-arm-none-eabi-10.3-2021.10/bin/../lib/gcc/arm-none-eabi/10.3.1/thumb/v7e-m/nofp\libgcc.a(_aeabi_uldivmod.o) (__udivmoddi4)
d:/code_env/gcc-arm-none-eabi-10.3-2021.10/bin/../lib/gcc/arm-none-eabi/10.3.1/thumb/v7e-m/nofp\libgcc.a(_dvmd_tls.o)
                              d:/code_env/gcc-arm-none-eabi-10.3-2021.10/bin/../lib/gcc/arm-none-eabi/10.3.1/thumb/v7e-m/nofp\libgcc.a(_aeabi_uldivmod.o) (__aeabi_ldiv0)
d:/code_env/gcc-arm-none-eabi-10.3-2021.10/bin/../lib/gcc/arm-none-eabi/10.3.1/../../../../arm-none-eabi/lib/thumb/v7e-m/nofp\libg.a(lib_a-errno.o)
                              CMakeFiles/APARControllerSlave.elf.dir/Core/Src/syscalls.c.obj (__errno)
d:/code_env/gcc-arm-none-eabi-10.3-2021.10/bin/../lib/gcc/arm-none-eabi/10.3.1/../../../../arm-none-eabi/lib/thumb/v7e-m/nofp\libg.a(lib_a-exit.o)
                              d:/code_env/gcc-arm-none-eabi-10.3-2021.10/bin/../lib/gcc/arm-none-eabi/10.3.1/../../../../arm-none-eabi/lib/thumb/v7e-m/nofp/crt0.o (exit)
d:/code_env/gcc-arm-none-eabi-10.3-2021.10/bin/../lib/gcc/arm-none-eabi/10.3.1/../../../../arm-none-eabi/lib/thumb/v7e-m/nofp\libg.a(lib_a-impure.o)
                              d:/code_env/gcc-arm-none-eabi-10.3-2021.10/bin/../lib/gcc/arm-none-eabi/10.3.1/../../../../arm-none-eabi/lib/thumb/v7e-m/nofp\libg.a(lib_a-exit.o) (_global_impure_ptr)
d:/code_env/gcc-arm-none-eabi-10.3-2021.10/bin/../lib/gcc/arm-none-eabi/10.3.1/../../../../arm-none-eabi/lib/thumb/v7e-m/nofp\libg.a(lib_a-init.o)
                              d:/code_env/gcc-arm-none-eabi-10.3-2021.10/bin/../lib/gcc/arm-none-eabi/10.3.1/../../../../arm-none-eabi/lib/thumb/v7e-m/nofp/crt0.o (__libc_init_array)
d:/code_env/gcc-arm-none-eabi-10.3-2021.10/bin/../lib/gcc/arm-none-eabi/10.3.1/../../../../arm-none-eabi/lib/thumb/v7e-m/nofp\libg.a(lib_a-memcmp.o)
                              CMakeFiles/APARControllerSlave.elf.dir/Core/Src/bsp_protocol.c.obj (memcmp)
d:/code_env/gcc-arm-none-eabi-10.3-2021.10/bin/../lib/gcc/arm-none-eabi/10.3.1/../../../../arm-none-eabi/lib/thumb/v7e-m/nofp\libg.a(lib_a-memcpy.o)
                              CMakeFiles/APARControllerSlave.elf.dir/Core/Src/bsp_protocol.c.obj (memcpy)
d:/code_env/gcc-arm-none-eabi-10.3-2021.10/bin/../lib/gcc/arm-none-eabi/10.3.1/../../../../arm-none-eabi/lib/thumb/v7e-m/nofp\libg.a(lib_a-memset.o)
                              d:/code_env/gcc-arm-none-eabi-10.3-2021.10/bin/../lib/gcc/arm-none-eabi/10.3.1/../../../../arm-none-eabi/lib/thumb/v7e-m/nofp/crt0.o (memset)
d:/code_env/gcc-arm-none-eabi-10.3-2021.10/bin/../lib/gcc/arm-none-eabi/10.3.1/../../../../arm-none-eabi/lib/thumb/v7e-m/nofp\libg.a(lib_a-__call_atexit.o)
                              d:/code_env/gcc-arm-none-eabi-10.3-2021.10/bin/../lib/gcc/arm-none-eabi/10.3.1/../../../../arm-none-eabi/lib/thumb/v7e-m/nofp\libg.a(lib_a-exit.o) (__call_exitprocs)
d:/code_env/gcc-arm-none-eabi-10.3-2021.10/bin/../lib/gcc/arm-none-eabi/10.3.1/../../../../arm-none-eabi/lib/thumb/v7e-m/nofp\libg.a(lib_a-atexit.o)
                              d:/code_env/gcc-arm-none-eabi-10.3-2021.10/bin/../lib/gcc/arm-none-eabi/10.3.1/../../../../arm-none-eabi/lib/thumb/v7e-m/nofp\libg.a(lib_a-__call_atexit.o) (atexit)
d:/code_env/gcc-arm-none-eabi-10.3-2021.10/bin/../lib/gcc/arm-none-eabi/10.3.1/../../../../arm-none-eabi/lib/thumb/v7e-m/nofp\libg.a(lib_a-fini.o)
                              d:/code_env/gcc-arm-none-eabi-10.3-2021.10/bin/../lib/gcc/arm-none-eabi/10.3.1/../../../../arm-none-eabi/lib/thumb/v7e-m/nofp\libg.a(lib_a-__call_atexit.o) (__libc_fini_array)
d:/code_env/gcc-arm-none-eabi-10.3-2021.10/bin/../lib/gcc/arm-none-eabi/10.3.1/../../../../arm-none-eabi/lib/thumb/v7e-m/nofp\libg.a(lib_a-lock.o)
                              d:/code_env/gcc-arm-none-eabi-10.3-2021.10/bin/../lib/gcc/arm-none-eabi/10.3.1/../../../../arm-none-eabi/lib/thumb/v7e-m/nofp\libg.a(lib_a-__call_atexit.o) (__retarget_lock_acquire_recursive)
d:/code_env/gcc-arm-none-eabi-10.3-2021.10/bin/../lib/gcc/arm-none-eabi/10.3.1/../../../../arm-none-eabi/lib/thumb/v7e-m/nofp\libg.a(lib_a-__atexit.o)
                              d:/code_env/gcc-arm-none-eabi-10.3-2021.10/bin/../lib/gcc/arm-none-eabi/10.3.1/../../../../arm-none-eabi/lib/thumb/v7e-m/nofp\libg.a(lib_a-atexit.o) (__register_exitproc)

Discarded input sections

 .text          0x00000000        0x0 d:/code_env/gcc-arm-none-eabi-10.3-2021.10/bin/../lib/gcc/arm-none-eabi/10.3.1/thumb/v7e-m/nofp/crti.o
[...]
Memory Configuration

Name             Origin             Length             Attributes
CCMRAM           0x10000000         0x00010000         xrw
RAM              0x20000000         0x00020000         xrw
FLASH            0x08000000         0x00080000         xr
*default*        0x00000000         0xffffffff

Linker script and memory map

LOAD d:/code_env/gcc-arm-none-eabi-10.3-2021.10/bin/../lib/gcc/arm-none-eabi/10.3.1/thumb/v7e-m/nofp/crti.o
LOAD d:/code_env/gcc-arm-none-eabi-10.3-2021.10/bin/../lib/gcc/arm-none-eabi/10.3.1/thumb/v7e-m/nofp/crtbegin.o
LOAD d:/code_env/gcc-arm-none-eabi-10.3-2021.10/bin/../lib/gcc/arm-none-eabi/10.3.1/../../../../arm-none-eabi/lib/thumb/v7e-m/nofp/crt0.o
LOAD CMakeFiles/APARControllerSlave.elf.dir/Core/Src/bsp_crclib.c.obj
LOAD CMakeFiles/APARControllerSlave.elf.dir/Core/Src/bsp_fsm.c.obj
LOAD CMakeFiles/APARControllerSlave.elf.dir/Core/Src/bsp_handler.c.obj
LOAD CMakeFiles/APARControllerSlave.elf.dir/Core/Src/bsp_mempool.c.obj
LOAD CMakeFiles/APARControllerSlave.elf.dir/Core/Src/bsp_protocol.c.obj
LOAD CMakeFiles/APARControllerSlave.elf.dir/Core/Src/bsp_utils.c.obj
LOAD CMakeFiles/APARControllerSlave.elf.dir/Core/Src/dma.c.obj
LOAD CMakeFiles/APARControllerSlave.elf.dir/Core/Src/gpio.c.obj
LOAD CMakeFiles/APARControllerSlave.elf.dir/Core/Src/main.c.obj
LOAD CMakeFiles/APARControllerSlave.elf.dir/Core/Src/stm32f4xx_hal_msp.c.obj
LOAD CMakeFiles/APARControllerSlave.elf.dir/Core/Src/stm32f4xx_it.c.obj
LOAD CMakeFiles/APARControllerSlave.elf.dir/Core/Src/syscalls.c.obj
LOAD CMakeFiles/APARControllerSlave.elf.dir/Core/Src/sysmem.c.obj
LOAD CMakeFiles/APARControllerSlave.elf.dir/Core/Src/system_stm32f4xx.c.obj
LOAD CMakeFiles/APARControllerSlave.elf.dir/Core/Src/usart.c.obj
LOAD CMakeFiles/APARControllerSlave.elf.dir/Core/Startup/startup_stm32f407vetx.s.obj
LOAD CMakeFiles/APARControllerSlave.elf.dir/Drivers/STM32F4xx_HAL_Driver/Src/stm32f4xx_hal.c.obj
LOAD CMakeFiles/APARControllerSlave.elf.dir/Drivers/STM32F4xx_HAL_Driver/Src/stm32f4xx_hal_cortex.c.obj
LOAD CMakeFiles/APARControllerSlave.elf.dir/Drivers/STM32F4xx_HAL_Driver/Src/stm32f4xx_hal_dma.c.obj
LOAD CMakeFiles/APARControllerSlave.elf.dir/Drivers/STM32F4xx_HAL_Driver/Src/stm32f4xx_hal_dma_ex.c.obj
LOAD CMakeFiles/APARControllerSlave.elf.dir/Drivers/STM32F4xx_HAL_Driver/Src/stm32f4xx_hal_exti.c.obj
LOAD CMakeFiles/APARControllerSlave.elf.dir/Drivers/STM32F4xx_HAL_Driver/Src/stm32f4xx_hal_flash.c.obj
LOAD CMakeFiles/APARControllerSlave.elf.dir/Drivers/STM32F4xx_HAL_Driver/Src/stm32f4xx_hal_flash_ex.c.obj
LOAD CMakeFiles/APARControllerSlave.elf.dir/Drivers/STM32F4xx_HAL_Driver/Src/stm32f4xx_hal_flash_ramfunc.c.obj
LOAD CMakeFiles/APARControllerSlave.elf.dir/Drivers/STM32F4xx_HAL_Driver/Src/stm32f4xx_hal_gpio.c.obj
LOAD CMakeFiles/APARControllerSlave.elf.dir/Drivers/STM32F4xx_HAL_Driver/Src/stm32f4xx_hal_pwr.c.obj
LOAD CMakeFiles/APARControllerSlave.elf.dir/Drivers/STM32F4xx_HAL_Driver/Src/stm32f4xx_hal_pwr_ex.c.obj
LOAD CMakeFiles/APARControllerSlave.elf.dir/Drivers/STM32F4xx_HAL_Driver/Src/stm32f4xx_hal_rcc.c.obj
LOAD CMakeFiles/APARControllerSlave.elf.dir/Drivers/STM32F4xx_HAL_Driver/Src/stm32f4xx_hal_rcc_ex.c.obj
LOAD CMakeFiles/APARControllerSlave.elf.dir/Drivers/STM32F4xx_HAL_Driver/Src/stm32f4xx_hal_tim.c.obj
LOAD CMakeFiles/APARControllerSlave.elf.dir/Drivers/STM32F4xx_HAL_Driver/Src/stm32f4xx_hal_tim_ex.c.obj
LOAD CMakeFiles/APARControllerSlave.elf.dir/Drivers/STM32F4xx_HAL_Driver/Src/stm32f4xx_hal_uart.c.obj
START GROUP
LOAD d:/code_env/gcc-arm-none-eabi-10.3-2021.10/bin/../lib/gcc/arm-none-eabi/10.3.1/thumb/v7e-m/nofp\libgcc.a
LOAD d:/code_env/gcc-arm-none-eabi-10.3-2021.10/bin/../lib/gcc/arm-none-eabi/10.3.1/../../../../arm-none-eabi/lib/thumb/v7e-m/nofp\libg.a
LOAD d:/code_env/gcc-arm-none-eabi-10.3-2021.10/bin/../lib/gcc/arm-none-eabi/10.3.1/../../../../arm-none-eabi/lib/thumb/v7e-m/nofp\libc.a
END GROUP
LOAD d:/code_env/gcc-arm-none-eabi-10.3-2021.10/bin/../lib/gcc/arm-none-eabi/10.3.1/thumb/v7e-m/nofp/crtend.o
LOAD d:/code_env/gcc-arm-none-eabi-10.3-2021.10/bin/../lib/gcc/arm-none-eabi/10.3.1/thumb/v7e-m/nofp/crtn.o
                0x20020000                _estack = (ORIGIN (RAM) + LENGTH (RAM))
                0x00000200                _Min_Heap_Size = 0x200
                0x00000400                _Min_Stack_Size = 0x400

.isr_vector     0x08000000      0x188
                0x08000000                . = ALIGN (0x4)
 *(.isr_vector)
 .isr_vector    0x08000000      0x188 CMakeFiles/APARControllerSlave.elf.dir/Core/Startup/startup_stm32f407vetx.s.obj
                0x08000000                g_pfnVectors
                0x08000188                . = ALIGN (0x4)

.text           0x08000188     0x2624
                0x08000188                . = ALIGN (0x4)
 *(.text)
 .text          0x08000188       0x40 d:/code_env/gcc-arm-none-eabi-10.3-2021.10/bin/../lib/gcc/arm-none-eabi/10.3.1/thumb/v7e-m/nofp/crtbegin.o
 .text          0x080001c8       0x30 d:/code_env/gcc-arm-none-eabi-10.3-2021.10/bin/../lib/gcc/arm-none-eabi/10.3.1/thumb/v7e-m/nofp\libgcc.a(_aeabi_uldivmod.o)
                0x080001c8                __aeabi_uldivmod
 .text          0x080001f8      0x2d0 d:/code_env/gcc-arm-none-eabi-10.3-2021.10/bin/../lib/gcc/arm-none-eabi/10.3.1/thumb/v7e-m/nofp\libgcc.a(_udivmoddi4.o)
                0x080001f8                __udivmoddi4
 .text          0x080004c8        0x4 d:/code_env/gcc-arm-none-eabi-10.3-2021.10/bin/../lib/gcc/arm-none-eabi/10.3.1/thumb/v7e-m/nofp\libgcc.a(_dvmd_tls.o)
                0x080004c8                __aeabi_idiv0
                0x080004c8                __aeabi_ldiv0
 .text          0x080004cc      0x134 d:/code_env/gcc-arm-none-eabi-10.3-2021.10/bin/../lib/gcc/arm-none-eabi/10.3.1/../../../../arm-none-eabi/lib/thumb/v7e-m/nofp\libg.a(lib_a-memcpy.o)
                0x080004cc                memcpy
 *(.text*)
 .text.crc8_maxim
                0x08000600       0x32 CMakeFiles/APARControllerSlave.elf.dir/Core/Src/bsp_crclib.c.obj
                0x08000600                crc8_maxim
 .text.fsmInit  0x08000632       0x18 CMakeFiles/APARControllerSlave.elf.dir/Core/Src/bsp_fsm.c.obj
                0x08000632                fsmInit
 .text.fsmStateTrans
                0x0800064a        0x4 CMakeFiles/APARControllerSlave.elf.dir/Core/Src/bsp_fsm.c.obj
                0x0800064a                fsmStateTrans
 .text.fsmEventHandle
                0x0800064e       0x38 CMakeFiles/APARControllerSlave.elf.dir/Core/Src/bsp_fsm.c.obj
                0x0800064e                fsmEventHandle
 .text.fsmEventRegister
                0x08000686       0x1e CMakeFiles/APARControllerSlave.elf.dir/Core/Src/bsp_fsm.c.obj
                0x08000686                fsmEventRegister
 .text.recvHandler
                0x080006a4        0x4 CMakeFiles/APARControllerSlave.elf.dir/Core/Src/bsp_handler.c.obj
                0x080006a4                recvHandler
 .text.parseHandler
                0x080006a8       0x34 CMakeFiles/APARControllerSlave.elf.dir/Core/Src/bsp_handler.c.obj
                0x080006a8                parseHandler
 .text.execHandler
                0x080006dc       0x1c CMakeFiles/APARControllerSlave.elf.dir/Core/Src/bsp_handler.c.obj
                0x080006dc                execHandler
 .text.parseErrorHandler
                0x080006f8       0x18 CMakeFiles/APARControllerSlave.elf.dir/Core/Src/bsp_handler.c.obj
                0x080006f8                parseErrorHandler
 .text.execErrorHandler
                0x08000710        0x4 CMakeFiles/APARControllerSlave.elf.dir/Core/Src/bsp_handler.c.obj
                0x08000710                execErrorHandler
 .text.parseFrame
                0x08000714       0x60 CMakeFiles/APARControllerSlave.elf.dir/Core/Src/bsp_protocol.c.obj
                0x08000714                parseFrame
 .text.bytes_to_u16
                0x08000774        0xa CMakeFiles/APARControllerSlave.elf.dir/Core/Src/bsp_utils.c.obj
                0x08000774                bytes_to_u16
 *fill*         0x0800077e        0x2 
 .text.MX_DMA_Init
                0x08000780       0x44 CMakeFiles/APARControllerSlave.elf.dir/Core/Src/dma.c.obj
                0x08000780                MX_DMA_Init
 .text.MX_GPIO_Init
                0x080007c4       0x38 CMakeFiles/APARControllerSlave.elf.dir/Core/Src/gpio.c.obj
                0x080007c4                MX_GPIO_Init
 .text.Error_Handler
                0x080007fc        0x4 CMakeFiles/APARControllerSlave.elf.dir/Core/Src/main.c.obj
                0x080007fc                Error_Handler
 .text.SystemClock_Config
                0x08000800       0xac CMakeFiles/APARControllerSlave.elf.dir/Core/Src/main.c.obj
                0x08000800                SystemClock_Config
 .text.main     0x080008ac       0xf4 CMakeFiles/APARControllerSlave.elf.dir/Core/Src/main.c.obj
                0x080008ac                main
 .text.HAL_MspInit
                0x080009a0       0x38 CMakeFiles/APARControllerSlave.elf.dir/Core/Src/stm32f4xx_hal_msp.c.obj
                0x080009a0                HAL_MspInit
 .text.NMI_Handler
                0x080009d8        0x2 CMakeFiles/APARControllerSlave.elf.dir/Core/Src/stm32f4xx_it.c.obj
                0x080009d8                NMI_Handler
 .text.HardFault_Handler
                0x080009da        0x2 CMakeFiles/APARControllerSlave.elf.dir/Core/Src/stm32f4xx_it.c.obj
                0x080009da                HardFault_Handler
 .text.MemManage_Handler
                0x080009dc        0x2 CMakeFiles/APARControllerSlave.elf.dir/Core/Src/stm32f4xx_it.c.obj
                0x080009dc                MemManage_Handler
 .text.BusFault_Handler
                0x080009de        0x2 CMakeFiles/APARControllerSlave.elf.dir/Core/Src/stm32f4xx_it.c.obj
                0x080009de                BusFault_Handler
 .text.UsageFault_Handler
                0x080009e0        0x2 CMakeFiles/APARControllerSlave.elf.dir/Core/Src/stm32f4xx_it.c.obj
                0x080009e0                UsageFault_Handler
 .text.SVC_Handler
                0x080009e2        0x2 CMakeFiles/APARControllerSlave.elf.dir/Core/Src/stm32f4xx_it.c.obj
                0x080009e2                SVC_Handler
 .text.DebugMon_Handler
                0x080009e4        0x2 CMakeFiles/APARControllerSlave.elf.dir/Core/Src/stm32f4xx_it.c.obj
                0x080009e4                DebugMon_Handler
 .text.PendSV_Handler
                0x080009e6        0x2 CMakeFiles/APARControllerSlave.elf.dir/Core/Src/stm32f4xx_it.c.obj
                0x080009e6                PendSV_Handler
 .text.SysTick_Handler
                0x080009e8        0x8 CMakeFiles/APARControllerSlave.elf.dir/Core/Src/stm32f4xx_it.c.obj
                0x080009e8                SysTick_Handler
 .text.USART1_IRQHandler
                0x080009f0       0x40 CMakeFiles/APARControllerSlave.elf.dir/Core/Src/stm32f4xx_it.c.obj
                0x080009f0                USART1_IRQHandler
 .text.DMA2_Stream2_IRQHandler
                0x08000a30       0x10 CMakeFiles/APARControllerSlave.elf.dir/Core/Src/stm32f4xx_it.c.obj
                0x08000a30                DMA2_Stream2_IRQHandler
 .text.DMA2_Stream7_IRQHandler
                0x08000a40       0x10 CMakeFiles/APARControllerSlave.elf.dir/Core/Src/stm32f4xx_it.c.obj
                0x08000a40                DMA2_Stream7_IRQHandler
 .text.SystemInit
                0x08000a50        0x2 CMakeFiles/APARControllerSlave.elf.dir/Core/Src/system_stm32f4xx.c.obj
                0x08000a50                SystemInit
 *fill*         0x08000a52        0x2 
 .text.MX_USART1_UART_Init
                0x08000a54       0x34 CMakeFiles/APARControllerSlave.elf.dir/Core/Src/usart.c.obj
                0x08000a54                MX_USART1_UART_Init
 .text.HAL_UART_MspInit
                0x08000a88       0xfc CMakeFiles/APARControllerSlave.elf.dir/Core/Src/usart.c.obj
                0x08000a88                HAL_UART_MspInit
 .text.Reset_Handler
                0x08000b84       0x50 CMakeFiles/APARControllerSlave.elf.dir/Core/Startup/startup_stm32f407vetx.s.obj
                0x08000b84                Reset_Handler
 .text.Default_Handler
                0x08000bd4        0x2 CMakeFiles/APARControllerSlave.elf.dir/Core/Startup/startup_stm32f407vetx.s.obj
                0x08000bd4                RTC_Alarm_IRQHandler
                0x08000bd4                HASH_RNG_IRQHandler
                0x08000bd4                EXTI2_IRQHandler
                0x08000bd4                TIM8_CC_IRQHandler
                0x08000bd4                TIM1_CC_IRQHandler
                0x08000bd4                DMA2_Stream5_IRQHandler
                0x08000bd4                DMA1_Stream5_IRQHandler
                0x08000bd4                PVD_IRQHandler
                0x08000bd4                SDIO_IRQHandler
                0x08000bd4                TAMP_STAMP_IRQHandler
                0x08000bd4                CAN2_RX1_IRQHandler
                0x08000bd4                EXTI3_IRQHandler
                0x08000bd4                TIM8_TRG_COM_TIM14_IRQHandler
                0x08000bd4                TIM1_UP_TIM10_IRQHandler
                0x08000bd4                TIM8_UP_TIM13_IRQHandler
                0x08000bd4                I2C3_ER_IRQHandler
                0x08000bd4                EXTI0_IRQHandler
                0x08000bd4                I2C2_EV_IRQHandler
                0x08000bd4                DMA1_Stream2_IRQHandler
                0x08000bd4                CAN1_RX0_IRQHandler
                0x08000bd4                FPU_IRQHandler
                0x08000bd4                OTG_HS_WKUP_IRQHandler
                0x08000bd4                CAN2_SCE_IRQHandler
                0x08000bd4                SPI1_IRQHandler
                0x08000bd4                TIM6_DAC_IRQHandler
                0x08000bd4                TIM1_BRK_TIM9_IRQHandler
                0x08000bd4                DCMI_IRQHandler
                0x08000bd4                CAN2_RX0_IRQHandler
                0x08000bd4                DMA2_Stream3_IRQHandler
                0x08000bd4                USART6_IRQHandler
                0x08000bd4                USART3_IRQHandler
                0x08000bd4                CAN1_RX1_IRQHandler
                0x08000bd4                UART5_IRQHandler
                0x08000bd4                DMA2_Stream0_IRQHandler
                0x08000bd4                TIM4_IRQHandler
                0x08000bd4                I2C1_EV_IRQHandler
                0x08000bd4                DMA1_Stream6_IRQHandler
                0x08000bd4                DMA1_Stream1_IRQHandler
                0x08000bd4                UART4_IRQHandler
                0x08000bd4                TIM3_IRQHandler
                0x08000bd4                RCC_IRQHandler
                0x08000bd4                TIM8_BRK_TIM12_IRQHandler
                0x08000bd4                Default_Handler
                0x08000bd4                EXTI15_10_IRQHandler
                0x08000bd4                ADC_IRQHandler
                0x08000bd4                DMA1_Stream7_IRQHandler
                0x08000bd4                TIM7_IRQHandler
                0x08000bd4                CAN2_TX_IRQHandler
                0x08000bd4                TIM5_IRQHandler
                0x08000bd4                I2C3_EV_IRQHandler
                0x08000bd4                EXTI9_5_IRQHandler
                0x08000bd4                RTC_WKUP_IRQHandler
                0x08000bd4                ETH_WKUP_IRQHandler
                0x08000bd4                SPI2_IRQHandler
                0x08000bd4                OTG_HS_EP1_IN_IRQHandler
                0x08000bd4                DMA1_Stream0_IRQHandler
                0x08000bd4                CAN1_TX_IRQHandler
                0x08000bd4                EXTI4_IRQHandler
                0x08000bd4                FSMC_IRQHandler
                0x08000bd4                ETH_IRQHandler
                0x08000bd4                OTG_HS_EP1_OUT_IRQHandler
                0x08000bd4                WWDG_IRQHandler
                0x08000bd4                TIM2_IRQHandler
                0x08000bd4                OTG_FS_WKUP_IRQHandler
                0x08000bd4                TIM1_TRG_COM_TIM11_IRQHandler
                0x08000bd4                OTG_HS_IRQHandler
                0x08000bd4                EXTI1_IRQHandler
                0x08000bd4                USART2_IRQHandler
                0x08000bd4                I2C2_ER_IRQHandler
                0x08000bd4                DMA2_Stream1_IRQHandler
                0x08000bd4                CAN1_SCE_IRQHandler
                0x08000bd4                FLASH_IRQHandler
                0x08000bd4                DMA2_Stream4_IRQHandler
                0x08000bd4                OTG_FS_IRQHandler
                0x08000bd4                SPI3_IRQHandler
                0x08000bd4                DMA1_Stream4_IRQHandler
                0x08000bd4                I2C1_ER_IRQHandler
                0x08000bd4                DMA2_Stream6_IRQHandler
                0x08000bd4                DMA1_Stream3_IRQHandler
 *fill*         0x08000bd6        0x2 
 .text.HAL_InitTick
                0x08000bd8       0x4c CMakeFiles/APARControllerSlave.elf.dir/Drivers/STM32F4xx_HAL_Driver/Src/stm32f4xx_hal.c.obj
                0x08000bd8                HAL_InitTick
 .text.HAL_Init
                0x08000c24       0x34 CMakeFiles/APARControllerSlave.elf.dir/Drivers/STM32F4xx_HAL_Driver/Src/stm32f4xx_hal.c.obj
                0x08000c24                HAL_Init
 .text.HAL_IncTick
                0x08000c58       0x18 CMakeFiles/APARControllerSlave.elf.dir/Drivers/STM32F4xx_HAL_Driver/Src/stm32f4xx_hal.c.obj
                0x08000c58                HAL_IncTick
 .text.HAL_GetTick
                0x08000c70        0xc CMakeFiles/APARControllerSlave.elf.dir/Drivers/STM32F4xx_HAL_Driver/Src/stm32f4xx_hal.c.obj
                0x08000c70                HAL_GetTick
 .text.HAL_NVIC_SetPriorityGrouping
                0x08000c7c       0x24 CMakeFiles/APARControllerSlave.elf.dir/Drivers/STM32F4xx_HAL_Driver/Src/stm32f4xx_hal_cortex.c.obj
                0x08000c7c                HAL_NVIC_SetPriorityGrouping
 .text.HAL_NVIC_SetPriority
                0x08000ca0       0x70 CMakeFiles/APARControllerSlave.elf.dir/Drivers/STM32F4xx_HAL_Driver/Src/stm32f4xx_hal_cortex.c.obj
                0x08000ca0                HAL_NVIC_SetPriority
 .text.HAL_NVIC_EnableIRQ
                0x08000d10       0x1c CMakeFiles/APARControllerSlave.elf.dir/Drivers/STM32F4xx_HAL_Driver/Src/stm32f4xx_hal_cortex.c.obj
                0x08000d10                HAL_NVIC_EnableIRQ
 .text.HAL_SYSTICK_Config
                0x08000d2c       0x28 CMakeFiles/APARControllerSlave.elf.dir/Drivers/STM32F4xx_HAL_Driver/Src/stm32f4xx_hal_cortex.c.obj
                0x08000d2c                HAL_SYSTICK_Config
 .text.DMA_SetConfig
                0x08000d54       0x2c CMakeFiles/APARControllerSlave.elf.dir/Drivers/STM32F4xx_HAL_Driver/Src/stm32f4xx_hal_dma.c.obj
 .text.DMA_CalcBaseAndBitshift
                0x08000d80       0x40 CMakeFiles/APARControllerSlave.elf.dir/Drivers/STM32F4xx_HAL_Driver/Src/stm32f4xx_hal_dma.c.obj
 .text.DMA_CheckFifoParam
                0x08000dc0       0x8e CMakeFiles/APARControllerSlave.elf.dir/Drivers/STM32F4xx_HAL_Driver/Src/stm32f4xx_hal_dma.c.obj
 *fill*         0x08000e4e        0x2 
 .text.HAL_DMA_Init
                0x08000e50       0xcc CMakeFiles/APARControllerSlave.elf.dir/Drivers/STM32F4xx_HAL_Driver/Src/stm32f4xx_hal_dma.c.obj
                0x08000e50                HAL_DMA_Init
 .text.HAL_DMA_Start_IT
                0x08000f1c       0x6a CMakeFiles/APARControllerSlave.elf.dir/Drivers/STM32F4xx_HAL_Driver/Src/stm32f4xx_hal_dma.c.obj
                0x08000f1c                HAL_DMA_Start_IT
 .text.HAL_DMA_Abort
                0x08000f86       0x94 CMakeFiles/APARControllerSlave.elf.dir/Drivers/STM32F4xx_HAL_Driver/Src/stm32f4xx_hal_dma.c.obj
                0x08000f86                HAL_DMA_Abort
 .text.HAL_DMA_Abort_IT
                0x0800101a       0x26 CMakeFiles/APARControllerSlave.elf.dir/Drivers/STM32F4xx_HAL_Driver/Src/stm32f4xx_hal_dma.c.obj
                0x0800101a                HAL_DMA_Abort_IT
 .text.HAL_DMA_IRQHandler
                0x08001040      0x1dc CMakeFiles/APARControllerSlave.elf.dir/Drivers/STM32F4xx_HAL_Driver/Src/stm32f4xx_hal_dma.c.obj
                0x08001040                HAL_DMA_IRQHandler
 .text.HAL_GPIO_Init
                0x0800121c      0x1e4 CMakeFiles/APARControllerSlave.elf.dir/Drivers/STM32F4xx_HAL_Driver/Src/stm32f4xx_hal_gpio.c.obj
                0x0800121c                HAL_GPIO_Init
 .text.HAL_RCC_OscConfig
                0x08001400      0x3f8 CMakeFiles/APARControllerSlave.elf.dir/Drivers/STM32F4xx_HAL_Driver/Src/stm32f4xx_hal_rcc.c.obj
                0x08001400                HAL_RCC_OscConfig
 .text.HAL_RCC_GetSysClockFreq
                0x080017f8       0xd4 CMakeFiles/APARControllerSlave.elf.dir/Drivers/STM32F4xx_HAL_Driver/Src/stm32f4xx_hal_rcc.c.obj
                0x080017f8                HAL_RCC_GetSysClockFreq
 .text.HAL_RCC_ClockConfig
                0x080018cc      0x160 CMakeFiles/APARControllerSlave.elf.dir/Drivers/STM32F4xx_HAL_Driver/Src/stm32f4xx_hal_rcc.c.obj
                0x080018cc                HAL_RCC_ClockConfig
 .text.HAL_RCC_GetHCLKFreq
                0x08001a2c        0xc CMakeFiles/APARControllerSlave.elf.dir/Drivers/STM32F4xx_HAL_Driver/Src/stm32f4xx_hal_rcc.c.obj
                0x08001a2c                HAL_RCC_GetHCLKFreq
 .text.HAL_RCC_GetPCLK1Freq
                0x08001a38       0x20 CMakeFiles/APARControllerSlave.elf.dir/Drivers/STM32F4xx_HAL_Driver/Src/stm32f4xx_hal_rcc.c.obj
                0x08001a38                HAL_RCC_GetPCLK1Freq
 .text.HAL_RCC_GetPCLK2Freq
                0x08001a58       0x20 CMakeFiles/APARControllerSlave.elf.dir/Drivers/STM32F4xx_HAL_Driver/Src/stm32f4xx_hal_rcc.c.obj
                0x08001a58                HAL_RCC_GetPCLK2Freq
 .text.HAL_RCC_DeInit
                0x08001a78      0x13c CMakeFiles/APARControllerSlave.elf.dir/Drivers/STM32F4xx_HAL_Driver/Src/stm32f4xx_hal_rcc_ex.c.obj
                0x08001a78                HAL_RCC_DeInit
 .text.UART_EndTxTransfer
                0x08001bb4       0x20 CMakeFiles/APARControllerSlave.elf.dir/Drivers/STM32F4xx_HAL_Driver/Src/stm32f4xx_hal_uart.c.obj
 .text.UART_EndRxTransfer
                0x08001bd4       0x5c CMakeFiles/APARControllerSlave.elf.dir/Drivers/STM32F4xx_HAL_Driver/Src/stm32f4xx_hal_uart.c.obj
 .text.UART_Transmit_IT
                0x08001c30       0x60 CMakeFiles/APARControllerSlave.elf.dir/Drivers/STM32F4xx_HAL_Driver/Src/stm32f4xx_hal_uart.c.obj
 .text.UART_SetConfig
                0x08001c90      0x110 CMakeFiles/APARControllerSlave.elf.dir/Drivers/STM32F4xx_HAL_Driver/Src/stm32f4xx_hal_uart.c.obj
 .text.UART_WaitOnFlagUntilTimeout
                0x08001da0       0x88 CMakeFiles/APARControllerSlave.elf.dir/Drivers/STM32F4xx_HAL_Driver/Src/stm32f4xx_hal_uart.c.obj
 .text.HAL_UART_Init
                0x08001e28       0x5e CMakeFiles/APARControllerSlave.elf.dir/Drivers/STM32F4xx_HAL_Driver/Src/stm32f4xx_hal_uart.c.obj
                0x08001e28                HAL_UART_Init
 .text.HAL_UART_Transmit
                0x08001e86       0xd8 CMakeFiles/APARControllerSlave.elf.dir/Drivers/STM32F4xx_HAL_Driver/Src/stm32f4xx_hal_uart.c.obj
                0x08001e86                HAL_UART_Transmit
 .text.HAL_UART_DMAStop
                0x08001f5e       0x84 CMakeFiles/APARControllerSlave.elf.dir/Drivers/STM32F4xx_HAL_Driver/Src/stm32f4xx_hal_uart.c.obj
                0x08001f5e                HAL_UART_DMAStop
 .text.HAL_UART_TxCpltCallback
                0x08001fe2        0x2 CMakeFiles/APARControllerSlave.elf.dir/Drivers/STM32F4xx_HAL_Driver/Src/stm32f4xx_hal_uart.c.obj
                0x08001fe2                HAL_UART_TxCpltCallback
 .text.UART_EndTransmit_IT
                0x08001fe4       0x1a CMakeFiles/APARControllerSlave.elf.dir/Drivers/STM32F4xx_HAL_Driver/Src/stm32f4xx_hal_uart.c.obj
 .text.HAL_UART_RxCpltCallback
                0x08001ffe        0x2 CMakeFiles/APARControllerSlave.elf.dir/Drivers/STM32F4xx_HAL_Driver/Src/stm32f4xx_hal_uart.c.obj
                0x08001ffe                HAL_UART_RxCpltCallback
 .text.HAL_UART_RxHalfCpltCallback
                0x08002000        0x2 CMakeFiles/APARControllerSlave.elf.dir/Drivers/STM32F4xx_HAL_Driver/Src/stm32f4xx_hal_uart.c.obj
                0x08002000                HAL_UART_RxHalfCpltCallback
 .text.HAL_UART_ErrorCallback
                0x08002002        0x2 CMakeFiles/APARControllerSlave.elf.dir/Drivers/STM32F4xx_HAL_Driver/Src/stm32f4xx_hal_uart.c.obj
                0x08002002                HAL_UART_ErrorCallback
 .text.UART_DMAError
                0x08002004       0x58 CMakeFiles/APARControllerSlave.elf.dir/Drivers/STM32F4xx_HAL_Driver/Src/stm32f4xx_hal_uart.c.obj
 .text.UART_DMAAbortOnError
                0x0800205c       0x10 CMakeFiles/APARControllerSlave.elf.dir/Drivers/STM32F4xx_HAL_Driver/Src/stm32f4xx_hal_uart.c.obj
 .text.HAL_UARTEx_RxEventCallback
                0x0800206c        0x2 CMakeFiles/APARControllerSlave.elf.dir/Drivers/STM32F4xx_HAL_Driver/Src/stm32f4xx_hal_uart.c.obj
                0x0800206c                HAL_UARTEx_RxEventCallback
 .text.UART_Receive_IT
                0x0800206e       0xe2 CMakeFiles/APARControllerSlave.elf.dir/Drivers/STM32F4xx_HAL_Driver/Src/stm32f4xx_hal_uart.c.obj
 .text.HAL_UART_IRQHandler
                0x08002150      0x280 CMakeFiles/APARControllerSlave.elf.dir/Drivers/STM32F4xx_HAL_Driver/Src/stm32f4xx_hal_uart.c.obj
                0x08002150                HAL_UART_IRQHandler
 .text.UART_DMARxHalfCplt
                0x080023d0       0x1a CMakeFiles/APARControllerSlave.elf.dir/Drivers/STM32F4xx_HAL_Driver/Src/stm32f4xx_hal_uart.c.obj
 .text.UART_DMAReceiveCplt
                0x080023ea       0x96 CMakeFiles/APARControllerSlave.elf.dir/Drivers/STM32F4xx_HAL_Driver/Src/stm32f4xx_hal_uart.c.obj
 .text.UART_Start_Receive_DMA
                0x08002480       0xa8 CMakeFiles/APARControllerSlave.elf.dir/Drivers/STM32F4xx_HAL_Driver/Src/stm32f4xx_hal_uart.c.obj
                0x08002480                UART_Start_Receive_DMA
 .text.HAL_UART_Receive_DMA
                0x08002528       0x38 CMakeFiles/APARControllerSlave.elf.dir/Drivers/STM32F4xx_HAL_Driver/Src/stm32f4xx_hal_uart.c.obj
                0x08002528                HAL_UART_Receive_DMA
 .text.__libc_init_array
                0x08002560       0x48 d:/code_env/gcc-arm-none-eabi-10.3-2021.10/bin/../lib/gcc/arm-none-eabi/10.3.1/../../../../arm-none-eabi/lib/thumb/v7e-m/nofp\libg.a(lib_a-init.o)
                0x08002560                __libc_init_array
 .text.memcmp   0x080025a8       0x68 d:/code_env/gcc-arm-none-eabi-10.3-2021.10/bin/../lib/gcc/arm-none-eabi/10.3.1/../../../../arm-none-eabi/lib/thumb/v7e-m/nofp\libg.a(lib_a-memcmp.o)
                0x080025a8                memcmp
 .text.memset   0x08002610       0xa4 d:/code_env/gcc-arm-none-eabi-10.3-2021.10/bin/../lib/gcc/arm-none-eabi/10.3.1/../../../../arm-none-eabi/lib/thumb/v7e-m/nofp\libg.a(lib_a-memset.o)
                0x08002610                memset
 .text.startup.register_fini
                0x080026b4       0x14 d:/code_env/gcc-arm-none-eabi-10.3-2021.10/bin/../lib/gcc/arm-none-eabi/10.3.1/../../../../arm-none-eabi/lib/thumb/v7e-m/nofp\libg.a(lib_a-__call_atexit.o)
 .text.atexit   0x080026c8        0xc d:/code_env/gcc-arm-none-eabi-10.3-2021.10/bin/../lib/gcc/arm-none-eabi/10.3.1/../../../../arm-none-eabi/lib/thumb/v7e-m/nofp\libg.a(lib_a-atexit.o)
                0x080026c8                atexit
 .text.__libc_fini_array
                0x080026d4       0x2c d:/code_env/gcc-arm-none-eabi-10.3-2021.10/bin/../lib/gcc/arm-none-eabi/10.3.1/../../../../arm-none-eabi/lib/thumb/v7e-m/nofp\libg.a(lib_a-fini.o)
                0x080026d4                __libc_fini_array
 .text.__retarget_lock_acquire_recursive
                0x08002700        0x4 d:/code_env/gcc-arm-none-eabi-10.3-2021.10/bin/../lib/gcc/arm-none-eabi/10.3.1/../../../../arm-none-eabi/lib/thumb/v7e-m/nofp\libg.a(lib_a-lock.o)
                0x08002700                __retarget_lock_acquire_recursive
 .text.__retarget_lock_release_recursive
                0x08002704        0x4 d:/code_env/gcc-arm-none-eabi-10.3-2021.10/bin/../lib/gcc/arm-none-eabi/10.3.1/../../../../arm-none-eabi/lib/thumb/v7e-m/nofp\libg.a(lib_a-lock.o)
                0x08002704                __retarget_lock_release_recursive
 .text.__register_exitproc
                0x08002708       0x8c d:/code_env/gcc-arm-none-eabi-10.3-2021.10/bin/../lib/gcc/arm-none-eabi/10.3.1/../../../../arm-none-eabi/lib/thumb/v7e-m/nofp\libg.a(lib_a-__atexit.o)
                0x08002708                __register_exitproc
 *(.glue_7)
 .glue_7        0x08002794        0x0 linker stubs
 *(.glue_7t)
 .glue_7t       0x08002794        0x0 linker stubs
 *(.eh_frame)
 .eh_frame      0x08002794        0x0 d:/code_env/gcc-arm-none-eabi-10.3-2021.10/bin/../lib/gcc/arm-none-eabi/10.3.1/thumb/v7e-m/nofp/crtbegin.o
 *(.init)
 .init          0x08002794        0x4 d:/code_env/gcc-arm-none-eabi-10.3-2021.10/bin/../lib/gcc/arm-none-eabi/10.3.1/thumb/v7e-m/nofp/crti.o
                0x08002794                _init
 .init          0x08002798        0x8 d:/code_env/gcc-arm-none-eabi-10.3-2021.10/bin/../lib/gcc/arm-none-eabi/10.3.1/thumb/v7e-m/nofp/crtn.o
 *(.fini)
 .fini          0x080027a0        0x4 d:/code_env/gcc-arm-none-eabi-10.3-2021.10/bin/../lib/gcc/arm-none-eabi/10.3.1/thumb/v7e-m/nofp/crti.o
                0x080027a0                _fini
 .fini          0x080027a4        0x8 d:/code_env/gcc-arm-none-eabi-10.3-2021.10/bin/../lib/gcc/arm-none-eabi/10.3.1/thumb/v7e-m/nofp/crtn.o
                0x080027ac                . = ALIGN (0x4)
                0x080027ac                _etext = .

.vfp11_veneer   0x080027ac        0x0
 .vfp11_veneer  0x080027ac        0x0 linker stubs

.v4_bx          0x080027ac        0x0
 .v4_bx         0x080027ac        0x0 linker stubs

.iplt           0x080027ac        0x0
 .iplt          0x080027ac        0x0 d:/code_env/gcc-arm-none-eabi-10.3-2021.10/bin/../lib/gcc/arm-none-eabi/10.3.1/thumb/v7e-m/nofp/crtbegin.o

.rodata         0x080027ac       0x24
                0x080027ac                . = ALIGN (0x4)
 *(.rodata)
 *(.rodata*)
 .rodata.AHBPrescTable
                0x080027ac       0x10 CMakeFiles/APARControllerSlave.elf.dir/Core/Src/system_stm32f4xx.c.obj
                0x080027ac                AHBPrescTable
 .rodata.APBPrescTable
                0x080027bc        0x8 CMakeFiles/APARControllerSlave.elf.dir/Core/Src/system_stm32f4xx.c.obj
                0x080027bc                APBPrescTable
 .rodata.flagBitshiftOffset.0
                0x080027c4        0x8 CMakeFiles/APARControllerSlave.elf.dir/Drivers/STM32F4xx_HAL_Driver/Src/stm32f4xx_hal_dma.c.obj
 .rodata._global_impure_ptr
                0x080027cc        0x4 d:/code_env/gcc-arm-none-eabi-10.3-2021.10/bin/../lib/gcc/arm-none-eabi/10.3.1/../../../../arm-none-eabi/lib/thumb/v7e-m/nofp\libg.a(lib_a-impure.o)
                0x080027cc                _global_impure_ptr
                0x080027d0                . = ALIGN (0x4)

.ARM.extab      0x080027d0        0x0
                0x080027d0                . = ALIGN (0x4)
 *(.ARM.extab* .gnu.linkonce.armextab.*)
                0x080027d0                . = ALIGN (0x4)

.ARM            0x080027d0        0x8
                0x080027d0                . = ALIGN (0x4)
                0x080027d0                __exidx_start = .
 *(.ARM.exidx*)
 .ARM.exidx     0x080027d0        0x8 d:/code_env/gcc-arm-none-eabi-10.3-2021.10/bin/../lib/gcc/arm-none-eabi/10.3.1/thumb/v7e-m/nofp\libgcc.a(_udivmoddi4.o)
                0x080027d8                __exidx_end = .
                0x080027d8                . = ALIGN (0x4)

.rel.dyn        0x080027d8        0x0
 .rel.iplt      0x080027d8        0x0 d:/code_env/gcc-arm-none-eabi-10.3-2021.10/bin/../lib/gcc/arm-none-eabi/10.3.1/thumb/v7e-m/nofp/crtbegin.o

.preinit_array  0x080027d8        0x0
                0x080027d8                . = ALIGN (0x4)
                0x080027d8                PROVIDE (__preinit_array_start = .)
 *(.preinit_array*)
                0x080027d8                PROVIDE (__preinit_array_end = .)
                0x080027d8                . = ALIGN (0x4)

.init_array     0x080027d8        0x8
                0x080027d8                . = ALIGN (0x4)
                0x080027d8                PROVIDE (__init_array_start = .)
 *(SORT_BY_NAME(.init_array.*))
 .init_array.00000
                0x080027d8        0x4 d:/code_env/gcc-arm-none-eabi-10.3-2021.10/bin/../lib/gcc/arm-none-eabi/10.3.1/../../../../arm-none-eabi/lib/thumb/v7e-m/nofp\libg.a(lib_a-__call_atexit.o)
 *(.init_array*)
 .init_array    0x080027dc        0x4 d:/code_env/gcc-arm-none-eabi-10.3-2021.10/bin/../lib/gcc/arm-none-eabi/10.3.1/thumb/v7e-m/nofp/crtbegin.o
                0x080027e0                PROVIDE (__init_array_end = .)
                0x080027e0                . = ALIGN (0x4)

.fini_array     0x080027e0        0x4
                0x080027e0                . = ALIGN (0x4)
                0x080027e0                PROVIDE (__fini_array_start = .)
 *(SORT_BY_NAME(.fini_array.*))
 *(.fini_array*)
 .fini_array    0x080027e0        0x4 d:/code_env/gcc-arm-none-eabi-10.3-2021.10/bin/../lib/gcc/arm-none-eabi/10.3.1/thumb/v7e-m/nofp/crtbegin.o
                0x080027e4                PROVIDE (__fini_array_end = .)
                0x080027e4                . = ALIGN (0x4)
                0x080027e4                _sidata = LOADADDR (.data)

.data           0x20000000      0x43c load address 0x080027e4
                0x20000000                . = ALIGN (0x4)
                0x20000000                _sdata = .
 *(.data)
 *(.data*)
 .data.SystemCoreClock
                0x20000000        0x4 CMakeFiles/APARControllerSlave.elf.dir/Core/Src/system_stm32f4xx.c.obj
                0x20000000                SystemCoreClock
 .data.uwTickFreq
                0x20000004        0x1 CMakeFiles/APARControllerSlave.elf.dir/Drivers/STM32F4xx_HAL_Driver/Src/stm32f4xx_hal.c.obj
                0x20000004                uwTickFreq
 *fill*         0x20000005        0x3 
 .data.uwTickPrio
                0x20000008        0x4 CMakeFiles/APARControllerSlave.elf.dir/Drivers/STM32F4xx_HAL_Driver/Src/stm32f4xx_hal.c.obj
                0x20000008                uwTickPrio
 *fill*         0x2000000c        0x4 
 .data.impure_data
                0x20000010      0x428 d:/code_env/gcc-arm-none-eabi-10.3-2021.10/bin/../lib/gcc/arm-none-eabi/10.3.1/../../../../arm-none-eabi/lib/thumb/v7e-m/nofp\libg.a(lib_a-impure.o)
 .data.__atexit_recursive_mutex
                0x20000438        0x4 d:/code_env/gcc-arm-none-eabi-10.3-2021.10/bin/../lib/gcc/arm-none-eabi/10.3.1/../../../../arm-none-eabi/lib/thumb/v7e-m/nofp\libg.a(lib_a-__call_atexit.o)
                0x20000438                __atexit_recursive_mutex
 *(.RamFunc)
 *(.RamFunc*)
                0x2000043c                . = ALIGN (0x4)
                0x2000043c                _edata = .
                0x08002c20                _siccmram = LOADADDR (.ccmram)

.igot.plt       0x2000043c        0x0 load address 0x08002c20
 .igot.plt      0x2000043c        0x0 d:/code_env/gcc-arm-none-eabi-10.3-2021.10/bin/../lib/gcc/arm-none-eabi/10.3.1/thumb/v7e-m/nofp/crtbegin.o

.ccmram         0x10000000        0x0 load address 0x08002c20
                0x10000000                . = ALIGN (0x4)
                0x10000000                _sccmram = .
 *(.ccmram)
 *(.ccmram*)
                0x10000000                . = ALIGN (0x4)
                0x10000000                _eccmram = .
                0x10000000                . = ALIGN (0x4)

.bss            0x2000043c      0x8d0
                0x2000043c                _sbss = .
                0x2000043c                __bss_start__ = _sbss
 *(.bss)
 .bss           0x2000043c       0x1c d:/code_env/gcc-arm-none-eabi-10.3-2021.10/bin/../lib/gcc/arm-none-eabi/10.3.1/thumb/v7e-m/nofp/crtbegin.o
 *(.bss*)
 .bss.g_frame   0x20000458      0x210 CMakeFiles/APARControllerSlave.elf.dir/Core/Src/bsp_mempool.c.obj
                0x20000458                g_frame
 .bss.g_fsm     0x20000668      0x194 CMakeFiles/APARControllerSlave.elf.dir/Core/Src/bsp_mempool.c.obj
                0x20000668                g_fsm
 .bss.g_recvBuffer
                0x200007fc      0x400 CMakeFiles/APARControllerSlave.elf.dir/Core/Src/bsp_mempool.c.obj
                0x200007fc                g_recvBuffer
 .bss.g_recv_flag
                0x20000bfc        0x1 CMakeFiles/APARControllerSlave.elf.dir/Core/Src/main.c.obj
                0x20000bfc                g_recv_flag
 *fill*         0x20000bfd        0x3 
 .bss.hdma_usart1_rx
                0x20000c00       0x60 CMakeFiles/APARControllerSlave.elf.dir/Core/Src/usart.c.obj
                0x20000c00                hdma_usart1_rx
 .bss.hdma_usart1_tx
                0x20000c60       0x60 CMakeFiles/APARControllerSlave.elf.dir/Core/Src/usart.c.obj
                0x20000c60                hdma_usart1_tx
 .bss.huart1    0x20000cc0       0x44 CMakeFiles/APARControllerSlave.elf.dir/Core/Src/usart.c.obj
                0x20000cc0                huart1
 .bss.uwTick    0x20000d04        0x4 CMakeFiles/APARControllerSlave.elf.dir/Drivers/STM32F4xx_HAL_Driver/Src/stm32f4xx_hal.c.obj
                0x20000d04                uwTick
 .bss.__lock___atexit_recursive_mutex
                0x20000d08        0x1 d:/code_env/gcc-arm-none-eabi-10.3-2021.10/bin/../lib/gcc/arm-none-eabi/10.3.1/../../../../arm-none-eabi/lib/thumb/v7e-m/nofp\libg.a(lib_a-lock.o)
                0x20000d08                __lock___atexit_recursive_mutex
 *(COMMON)
                0x20000d0c                . = ALIGN (0x4)
 *fill*         0x20000d09        0x3 
                0x20000d0c                _ebss = .
                0x20000d0c                __bss_end__ = _ebss

._user_heap_stack
                0x20000d0c      0x604
                0x20000d10                . = ALIGN (0x8)
 *fill*         0x20000d0c        0x4 
                [!provide]                PROVIDE (end = .)
                0x20000d10                PROVIDE (_end = .)
                0x20000f10                . = (. + _Min_Heap_Size)
 *fill*         0x20000d10      0x200 
                0x20001310                . = (. + _Min_Stack_Size)
 *fill*         0x20000f10      0x400 
                0x20001310                . = ALIGN (0x8)

/DISCARD/
 libc.a(*)
 libm.a(*)
 libgcc.a(*)

.ARM.attributes
                0x00000000       0x2a
 *(.ARM.attributes)
 .ARM.attributes
                0x00000000       0x1e d:/code_env/gcc-arm-none-eabi-10.3-2021.10/bin/../lib/gcc/arm-none-eabi/10.3.1/thumb/v7e-m/nofp/crti.o
 .ARM.attributes
                0x0000001e       0x2e d:/code_env/gcc-arm-none-eabi-10.3-2021.10/bin/../lib/gcc/arm-none-eabi/10.3.1/thumb/v7e-m/nofp/crtbegin.o
 .ARM.attributes
                0x0000004c       0x2e CMakeFiles/APARControllerSlave.elf.dir/Core/Src/bsp_crclib.c.obj
 .ARM.attributes
                0x0000007a       0x2e CMakeFiles/APARControllerSlave.elf.dir/Core/Src/bsp_fsm.c.obj
 .ARM.attributes
                0x000000a8       0x2e CMakeFiles/APARControllerSlave.elf.dir/Core/Src/bsp_handler.c.obj
 .ARM.attributes
                0x000000d6       0x2e CMakeFiles/APARControllerSlave.elf.dir/Core/Src/bsp_mempool.c.obj
 .ARM.attributes
                0x00000104       0x2e CMakeFiles/APARControllerSlave.elf.dir/Core/Src/bsp_protocol.c.obj
 .ARM.attributes
                0x00000132       0x2e CMakeFiles/APARControllerSlave.elf.dir/Core/Src/bsp_utils.c.obj
 .ARM.attributes
                0x00000160       0x2e CMakeFiles/APARControllerSlave.elf.dir/Core/Src/dma.c.obj
 .ARM.attributes
                0x0000018e       0x2e CMakeFiles/APARControllerSlave.elf.dir/Core/Src/gpio.c.obj
 .ARM.attributes
                0x000001bc       0x2e CMakeFiles/APARControllerSlave.elf.dir/Core/Src/main.c.obj
 .ARM.attributes
                0x000001ea       0x2e CMakeFiles/APARControllerSlave.elf.dir/Core/Src/stm32f4xx_hal_msp.c.obj
 .ARM.attributes
                0x00000218       0x2e CMakeFiles/APARControllerSlave.elf.dir/Core/Src/stm32f4xx_it.c.obj
 .ARM.attributes
                0x00000246       0x2e CMakeFiles/APARControllerSlave.elf.dir/Core/Src/system_stm32f4xx.c.obj
 .ARM.attributes
                0x00000274       0x2e CMakeFiles/APARControllerSlave.elf.dir/Core/Src/usart.c.obj
 .ARM.attributes
                0x000002a2       0x21 CMakeFiles/APARControllerSlave.elf.dir/Core/Startup/startup_stm32f407vetx.s.obj
 .ARM.attributes
                0x000002c3       0x2e CMakeFiles/APARControllerSlave.elf.dir/Drivers/STM32F4xx_HAL_Driver/Src/stm32f4xx_hal.c.obj
 .ARM.attributes
                0x000002f1       0x2e CMakeFiles/APARControllerSlave.elf.dir/Drivers/STM32F4xx_HAL_Driver/Src/stm32f4xx_hal_cortex.c.obj
 .ARM.attributes
                0x0000031f       0x2e CMakeFiles/APARControllerSlave.elf.dir/Drivers/STM32F4xx_HAL_Driver/Src/stm32f4xx_hal_dma.c.obj
 .ARM.attributes
                0x0000034d       0x2e CMakeFiles/APARControllerSlave.elf.dir/Drivers/STM32F4xx_HAL_Driver/Src/stm32f4xx_hal_gpio.c.obj
 .ARM.attributes
                0x0000037b       0x2e CMakeFiles/APARControllerSlave.elf.dir/Drivers/STM32F4xx_HAL_Driver/Src/stm32f4xx_hal_rcc.c.obj
 .ARM.attributes
                0x000003a9       0x2e CMakeFiles/APARControllerSlave.elf.dir/Drivers/STM32F4xx_HAL_Driver/Src/stm32f4xx_hal_rcc_ex.c.obj
 .ARM.attributes
                0x000003d7       0x2e CMakeFiles/APARControllerSlave.elf.dir/Drivers/STM32F4xx_HAL_Driver/Src/stm32f4xx_hal_uart.c.obj
 .ARM.attributes
                0x00000405       0x1e d:/code_env/gcc-arm-none-eabi-10.3-2021.10/bin/../lib/gcc/arm-none-eabi/10.3.1/thumb/v7e-m/nofp\libgcc.a(_aeabi_uldivmod.o)
 .ARM.attributes
                0x00000423       0x2e d:/code_env/gcc-arm-none-eabi-10.3-2021.10/bin/../lib/gcc/arm-none-eabi/10.3.1/thumb/v7e-m/nofp\libgcc.a(_udivmoddi4.o)
 .ARM.attributes
                0x00000451       0x1e d:/code_env/gcc-arm-none-eabi-10.3-2021.10/bin/../lib/gcc/arm-none-eabi/10.3.1/thumb/v7e-m/nofp\libgcc.a(_dvmd_tls.o)
 .ARM.attributes
                0x0000046f       0x2e d:/code_env/gcc-arm-none-eabi-10.3-2021.10/bin/../lib/gcc/arm-none-eabi/10.3.1/../../../../arm-none-eabi/lib/thumb/v7e-m/nofp\libg.a(lib_a-impure.o)
 .ARM.attributes
                0x0000049d       0x2e d:/code_env/gcc-arm-none-eabi-10.3-2021.10/bin/../lib/gcc/arm-none-eabi/10.3.1/../../../../arm-none-eabi/lib/thumb/v7e-m/nofp\libg.a(lib_a-init.o)
 .ARM.attributes
                0x000004cb       0x2e d:/code_env/gcc-arm-none-eabi-10.3-2021.10/bin/../lib/gcc/arm-none-eabi/10.3.1/../../../../arm-none-eabi/lib/thumb/v7e-m/nofp\libg.a(lib_a-memcmp.o)
 .ARM.attributes
                0x000004f9       0x1c d:/code_env/gcc-arm-none-eabi-10.3-2021.10/bin/../lib/gcc/arm-none-eabi/10.3.1/../../../../arm-none-eabi/lib/thumb/v7e-m/nofp\libg.a(lib_a-memcpy.o)
 .ARM.attributes
                0x00000515       0x2e d:/code_env/gcc-arm-none-eabi-10.3-2021.10/bin/../lib/gcc/arm-none-eabi/10.3.1/../../../../arm-none-eabi/lib/thumb/v7e-m/nofp\libg.a(lib_a-memset.o)
 .ARM.attributes
                0x00000543       0x2e d:/code_env/gcc-arm-none-eabi-10.3-2021.10/bin/../lib/gcc/arm-none-eabi/10.3.1/../../../../arm-none-eabi/lib/thumb/v7e-m/nofp\libg.a(lib_a-__call_atexit.o)
 .ARM.attributes
                0x00000571       0x2e d:/code_env/gcc-arm-none-eabi-10.3-2021.10/bin/../lib/gcc/arm-none-eabi/10.3.1/../../../../arm-none-eabi/lib/thumb/v7e-m/nofp\libg.a(lib_a-atexit.o)
 .ARM.attributes
                0x0000059f       0x2e d:/code_env/gcc-arm-none-eabi-10.3-2021.10/bin/../lib/gcc/arm-none-eabi/10.3.1/../../../../arm-none-eabi/lib/thumb/v7e-m/nofp\libg.a(lib_a-fini.o)
 .ARM.attributes
                0x000005cd       0x2e d:/code_env/gcc-arm-none-eabi-10.3-2021.10/bin/../lib/gcc/arm-none-eabi/10.3.1/../../../../arm-none-eabi/lib/thumb/v7e-m/nofp\libg.a(lib_a-lock.o)
 .ARM.attributes
                0x000005fb       0x2e d:/code_env/gcc-arm-none-eabi-10.3-2021.10/bin/../lib/gcc/arm-none-eabi/10.3.1/../../../../arm-none-eabi/lib/thumb/v7e-m/nofp\libg.a(lib_a-__atexit.o)
 .ARM.attributes
                0x00000629       0x1e d:/code_env/gcc-arm-none-eabi-10.3-2021.10/bin/../lib/gcc/arm-none-eabi/10.3.1/thumb/v7e-m/nofp/crtn.o
OUTPUT(APARControllerSlave.elf elf32-littlearm)
LOAD linker stubs
LOAD d:/code_env/gcc-arm-none-eabi-10.3-2021.10/bin/../lib/gcc/arm-none-eabi/10.3.1/../../../../arm-none-eabi/lib/thumb/v7e-m/nofp\libc.a
LOAD d:/code_env/gcc-arm-none-eabi-10.3-2021.10/bin/../lib/gcc/arm-none-eabi/10.3.1/../../../../arm-none-eabi/lib/thumb/v7e-m/nofp\libm.a
LOAD d:/code_env/gcc-arm-none-eabi-10.3-2021.10/bin/../lib/gcc/arm-none-eabi/10.3.1/thumb/v7e-m/nofp\libgcc.a

.debug_info     0x00000000     0xc9fa
 .debug_info    0x00000000      0x99a CMakeFiles/APARControllerSlave.elf.dir/Core/Src/bsp_crclib.c.obj
 .debug_info    0x0000099a      0x266 CMakeFiles/APARControllerSlave.elf.dir/Core/Src/bsp_fsm.c.obj
 .debug_info    0x00000c00      0x761 CMakeFiles/APARControllerSlave.elf.dir/Core/Src/bsp_handler.c.obj
 .debug_info    0x00001361      0x1b3 CMakeFiles/APARControllerSlave.elf.dir/Core/Src/bsp_mempool.c.obj
 .debug_info    0x00001514      0x2e9 CMakeFiles/APARControllerSlave.elf.dir/Core/Src/bsp_protocol.c.obj
 .debug_info    0x000017fd      0x14d CMakeFiles/APARControllerSlave.elf.dir/Core/Src/bsp_utils.c.obj
 .debug_info    0x0000194a      0x532 CMakeFiles/APARControllerSlave.elf.dir/Core/Src/dma.c.obj
 .debug_info    0x00001e7c      0x2a4 CMakeFiles/APARControllerSlave.elf.dir/Core/Src/gpio.c.obj
 .debug_info    0x00002120      0xd08 CMakeFiles/APARControllerSlave.elf.dir/Core/Src/main.c.obj
 .debug_info    0x00002e28      0x2a4 CMakeFiles/APARControllerSlave.elf.dir/Core/Src/stm32f4xx_hal_msp.c.obj
 .debug_info    0x000030cc      0x74d CMakeFiles/APARControllerSlave.elf.dir/Core/Src/stm32f4xx_it.c.obj
 .debug_info    0x00003819      0x37d CMakeFiles/APARControllerSlave.elf.dir/Core/Src/system_stm32f4xx.c.obj
 .debug_info    0x00003b96      0xcf6 CMakeFiles/APARControllerSlave.elf.dir/Core/Src/usart.c.obj
 .debug_info    0x0000488c       0x22 CMakeFiles/APARControllerSlave.elf.dir/Core/Startup/startup_stm32f407vetx.s.obj
 .debug_info    0x000048ae      0x9f0 CMakeFiles/APARControllerSlave.elf.dir/Drivers/STM32F4xx_HAL_Driver/Src/stm32f4xx_hal.c.obj
 .debug_info    0x0000529e     0x1098 CMakeFiles/APARControllerSlave.elf.dir/Drivers/STM32F4xx_HAL_Driver/Src/stm32f4xx_hal_cortex.c.obj
 .debug_info    0x00006336      0xb3f CMakeFiles/APARControllerSlave.elf.dir/Drivers/STM32F4xx_HAL_Driver/Src/stm32f4xx_hal_dma.c.obj
 .debug_info    0x00006e75      0x7b0 CMakeFiles/APARControllerSlave.elf.dir/Drivers/STM32F4xx_HAL_Driver/Src/stm32f4xx_hal_gpio.c.obj
 .debug_info    0x00007625      0xb03 CMakeFiles/APARControllerSlave.elf.dir/Drivers/STM32F4xx_HAL_Driver/Src/stm32f4xx_hal_rcc.c.obj
 .debug_info    0x00008128      0x684 CMakeFiles/APARControllerSlave.elf.dir/Drivers/STM32F4xx_HAL_Driver/Src/stm32f4xx_hal_rcc_ex.c.obj
 .debug_info    0x000087ac     0x424e CMakeFiles/APARControllerSlave.elf.dir/Drivers/STM32F4xx_HAL_Driver/Src/stm32f4xx_hal_uart.c.obj

.debug_abbrev   0x00000000     0x228c
 .debug_abbrev  0x00000000       0xf1 CMakeFiles/APARControllerSlave.elf.dir/Core/Src/bsp_crclib.c.obj
 .debug_abbrev  0x000000f1      0x16f CMakeFiles/APARControllerSlave.elf.dir/Core/Src/bsp_fsm.c.obj
 .debug_abbrev  0x00000260      0x1f5 CMakeFiles/APARControllerSlave.elf.dir/Core/Src/bsp_handler.c.obj
 .debug_abbrev  0x00000455       0xda CMakeFiles/APARControllerSlave.elf.dir/Core/Src/bsp_mempool.c.obj
 .debug_abbrev  0x0000052f      0x168 CMakeFiles/APARControllerSlave.elf.dir/Core/Src/bsp_protocol.c.obj
 .debug_abbrev  0x00000697       0xec CMakeFiles/APARControllerSlave.elf.dir/Core/Src/bsp_utils.c.obj
 .debug_abbrev  0x00000783      0x126 CMakeFiles/APARControllerSlave.elf.dir/Core/Src/dma.c.obj
 .debug_abbrev  0x000008a9       0xd1 CMakeFiles/APARControllerSlave.elf.dir/Core/Src/gpio.c.obj
 .debug_abbrev  0x0000097a      0x251 CMakeFiles/APARControllerSlave.elf.dir/Core/Src/main.c.obj
 .debug_abbrev  0x00000bcb       0xd1 CMakeFiles/APARControllerSlave.elf.dir/Core/Src/stm32f4xx_hal_msp.c.obj
 .debug_abbrev  0x00000c9c      0x1a7 CMakeFiles/APARControllerSlave.elf.dir/Core/Src/stm32f4xx_it.c.obj
 .debug_abbrev  0x00000e43      0x119 CMakeFiles/APARControllerSlave.elf.dir/Core/Src/system_stm32f4xx.c.obj
 .debug_abbrev  0x00000f5c      0x1f6 CMakeFiles/APARControllerSlave.elf.dir/Core/Src/usart.c.obj
 .debug_abbrev  0x00001152       0x12 CMakeFiles/APARControllerSlave.elf.dir/Core/Startup/startup_stm32f407vetx.s.obj
 .debug_abbrev  0x00001164      0x206 CMakeFiles/APARControllerSlave.elf.dir/Drivers/STM32F4xx_HAL_Driver/Src/stm32f4xx_hal.c.obj
 .debug_abbrev  0x0000136a      0x36a CMakeFiles/APARControllerSlave.elf.dir/Drivers/STM32F4xx_HAL_Driver/Src/stm32f4xx_hal_cortex.c.obj
 .debug_abbrev  0x000016d4      0x2c2 CMakeFiles/APARControllerSlave.elf.dir/Drivers/STM32F4xx_HAL_Driver/Src/stm32f4xx_hal_dma.c.obj
 .debug_abbrev  0x00001996      0x1ef CMakeFiles/APARControllerSlave.elf.dir/Drivers/STM32F4xx_HAL_Driver/Src/stm32f4xx_hal_gpio.c.obj
 .debug_abbrev  0x00001b85      0x28a CMakeFiles/APARControllerSlave.elf.dir/Drivers/STM32F4xx_HAL_Driver/Src/stm32f4xx_hal_rcc.c.obj
 .debug_abbrev  0x00001e0f      0x180 CMakeFiles/APARControllerSlave.elf.dir/Drivers/STM32F4xx_HAL_Driver/Src/stm32f4xx_hal_rcc_ex.c.obj
 .debug_abbrev  0x00001f8f      0x2fd CMakeFiles/APARControllerSlave.elf.dir/Drivers/STM32F4xx_HAL_Driver/Src/stm32f4xx_hal_uart.c.obj

.debug_loc      0x00000000     0x8166
 .debug_loc     0x00000000      0xf6d CMakeFiles/APARControllerSlave.elf.dir/Core/Src/bsp_crclib.c.obj
 .debug_loc     0x00000f6d      0x17a CMakeFiles/APARControllerSlave.elf.dir/Core/Src/bsp_fsm.c.obj
 .debug_loc     0x000010e7      0x111 CMakeFiles/APARControllerSlave.elf.dir/Core/Src/bsp_protocol.c.obj
 .debug_loc     0x000011f8       0xbf CMakeFiles/APARControllerSlave.elf.dir/Core/Src/bsp_utils.c.obj
 .debug_loc     0x000012b7       0x42 CMakeFiles/APARControllerSlave.elf.dir/Core/Src/stm32f4xx_it.c.obj
 .debug_loc     0x000012f9      0x158 CMakeFiles/APARControllerSlave.elf.dir/Core/Src/system_stm32f4xx.c.obj
 .debug_loc     0x00001451       0x71 CMakeFiles/APARControllerSlave.elf.dir/Core/Src/usart.c.obj
 .debug_loc     0x000014c2      0x141 CMakeFiles/APARControllerSlave.elf.dir/Drivers/STM32F4xx_HAL_Driver/Src/stm32f4xx_hal.c.obj
 .debug_loc     0x00001603      0x744 CMakeFiles/APARControllerSlave.elf.dir/Drivers/STM32F4xx_HAL_Driver/Src/stm32f4xx_hal_cortex.c.obj
 .debug_loc     0x00001d47      0xbf9 CMakeFiles/APARControllerSlave.elf.dir/Drivers/STM32F4xx_HAL_Driver/Src/stm32f4xx_hal_dma.c.obj
 .debug_loc     0x00002940      0x520 CMakeFiles/APARControllerSlave.elf.dir/Drivers/STM32F4xx_HAL_Driver/Src/stm32f4xx_hal_gpio.c.obj
 .debug_loc     0x00002e60      0x58c CMakeFiles/APARControllerSlave.elf.dir/Drivers/STM32F4xx_HAL_Driver/Src/stm32f4xx_hal_rcc.c.obj
 .debug_loc     0x000033ec      0x3cf CMakeFiles/APARControllerSlave.elf.dir/Drivers/STM32F4xx_HAL_Driver/Src/stm32f4xx_hal_rcc_ex.c.obj
 .debug_loc     0x000037bb     0x49ab CMakeFiles/APARControllerSlave.elf.dir/Drivers/STM32F4xx_HAL_Driver/Src/stm32f4xx_hal_uart.c.obj

.debug_aranges  0x00000000      0x880
 .debug_aranges
                0x00000000       0xc0 CMakeFiles/APARControllerSlave.elf.dir/Core/Src/bsp_crclib.c.obj
 .debug_aranges
                0x000000c0       0x38 CMakeFiles/APARControllerSlave.elf.dir/Core/Src/bsp_fsm.c.obj
 .debug_aranges
                0x000000f8       0x40 CMakeFiles/APARControllerSlave.elf.dir/Core/Src/bsp_handler.c.obj
 .debug_aranges
                0x00000138       0x18 CMakeFiles/APARControllerSlave.elf.dir/Core/Src/bsp_mempool.c.obj
 .debug_aranges
                0x00000150       0x28 CMakeFiles/APARControllerSlave.elf.dir/Core/Src/bsp_protocol.c.obj
 .debug_aranges
                0x00000178       0x30 CMakeFiles/APARControllerSlave.elf.dir/Core/Src/bsp_utils.c.obj
 .debug_aranges
                0x000001a8       0x20 CMakeFiles/APARControllerSlave.elf.dir/Core/Src/dma.c.obj
 .debug_aranges
                0x000001c8       0x20 CMakeFiles/APARControllerSlave.elf.dir/Core/Src/gpio.c.obj
 .debug_aranges
                0x000001e8       0x30 CMakeFiles/APARControllerSlave.elf.dir/Core/Src/main.c.obj
 .debug_aranges
                0x00000218       0x20 CMakeFiles/APARControllerSlave.elf.dir/Core/Src/stm32f4xx_hal_msp.c.obj
 .debug_aranges
                0x00000238       0x78 CMakeFiles/APARControllerSlave.elf.dir/Core/Src/stm32f4xx_it.c.obj
 .debug_aranges
                0x000002b0       0x28 CMakeFiles/APARControllerSlave.elf.dir/Core/Src/system_stm32f4xx.c.obj
 .debug_aranges
                0x000002d8       0x30 CMakeFiles/APARControllerSlave.elf.dir/Core/Src/usart.c.obj
 .debug_aranges
                0x00000308       0x28 CMakeFiles/APARControllerSlave.elf.dir/Core/Startup/startup_stm32f407vetx.s.obj
 .debug_aranges
                0x00000330       0xf0 CMakeFiles/APARControllerSlave.elf.dir/Drivers/STM32F4xx_HAL_Driver/Src/stm32f4xx_hal.c.obj
 .debug_aranges
                0x00000420       0xa8 CMakeFiles/APARControllerSlave.elf.dir/Drivers/STM32F4xx_HAL_Driver/Src/stm32f4xx_hal_cortex.c.obj
 .debug_aranges
                0x000004c8       0x90 CMakeFiles/APARControllerSlave.elf.dir/Drivers/STM32F4xx_HAL_Driver/Src/stm32f4xx_hal_dma.c.obj
 .debug_aranges
                0x00000558       0x58 CMakeFiles/APARControllerSlave.elf.dir/Drivers/STM32F4xx_HAL_Driver/Src/stm32f4xx_hal_gpio.c.obj
 .debug_aranges
                0x000005b0       0x88 CMakeFiles/APARControllerSlave.elf.dir/Drivers/STM32F4xx_HAL_Driver/Src/stm32f4xx_hal_rcc.c.obj
 .debug_aranges
                0x00000638       0x48 CMakeFiles/APARControllerSlave.elf.dir/Drivers/STM32F4xx_HAL_Driver/Src/stm32f4xx_hal_rcc_ex.c.obj
 .debug_aranges
                0x00000680      0x200 CMakeFiles/APARControllerSlave.elf.dir/Drivers/STM32F4xx_HAL_Driver/Src/stm32f4xx_hal_uart.c.obj

.debug_ranges   0x00000000      0x7c0
 .debug_ranges  0x00000000       0xb0 CMakeFiles/APARControllerSlave.elf.dir/Core/Src/bsp_crclib.c.obj
 .debug_ranges  0x000000b0       0x28 CMakeFiles/APARControllerSlave.elf.dir/Core/Src/bsp_fsm.c.obj
 .debug_ranges  0x000000d8       0x30 CMakeFiles/APARControllerSlave.elf.dir/Core/Src/bsp_handler.c.obj
 .debug_ranges  0x00000108       0x18 CMakeFiles/APARControllerSlave.elf.dir/Core/Src/bsp_protocol.c.obj
 .debug_ranges  0x00000120       0x20 CMakeFiles/APARControllerSlave.elf.dir/Core/Src/bsp_utils.c.obj
 .debug_ranges  0x00000140       0x10 CMakeFiles/APARControllerSlave.elf.dir/Core/Src/dma.c.obj
 .debug_ranges  0x00000150       0x10 CMakeFiles/APARControllerSlave.elf.dir/Core/Src/gpio.c.obj
 .debug_ranges  0x00000160       0x20 CMakeFiles/APARControllerSlave.elf.dir/Core/Src/main.c.obj
 .debug_ranges  0x00000180       0x10 CMakeFiles/APARControllerSlave.elf.dir/Core/Src/stm32f4xx_hal_msp.c.obj
 .debug_ranges  0x00000190       0x68 CMakeFiles/APARControllerSlave.elf.dir/Core/Src/stm32f4xx_it.c.obj
 .debug_ranges  0x000001f8       0x18 CMakeFiles/APARControllerSlave.elf.dir/Core/Src/system_stm32f4xx.c.obj
 .debug_ranges  0x00000210       0x20 CMakeFiles/APARControllerSlave.elf.dir/Core/Src/usart.c.obj
 .debug_ranges  0x00000230       0x20 CMakeFiles/APARControllerSlave.elf.dir/Core/Startup/startup_stm32f407vetx.s.obj
 .debug_ranges  0x00000250       0xe0 CMakeFiles/APARControllerSlave.elf.dir/Drivers/STM32F4xx_HAL_Driver/Src/stm32f4xx_hal.c.obj
 .debug_ranges  0x00000330       0xf8 CMakeFiles/APARControllerSlave.elf.dir/Drivers/STM32F4xx_HAL_Driver/Src/stm32f4xx_hal_cortex.c.obj
 .debug_ranges  0x00000428       0x80 CMakeFiles/APARControllerSlave.elf.dir/Drivers/STM32F4xx_HAL_Driver/Src/stm32f4xx_hal_dma.c.obj
 .debug_ranges  0x000004a8       0x48 CMakeFiles/APARControllerSlave.elf.dir/Drivers/STM32F4xx_HAL_Driver/Src/stm32f4xx_hal_gpio.c.obj
 .debug_ranges  0x000004f0       0x90 CMakeFiles/APARControllerSlave.elf.dir/Drivers/STM32F4xx_HAL_Driver/Src/stm32f4xx_hal_rcc.c.obj
 .debug_ranges  0x00000580       0x38 CMakeFiles/APARControllerSlave.elf.dir/Drivers/STM32F4xx_HAL_Driver/Src/stm32f4xx_hal_rcc_ex.c.obj
 .debug_ranges  0x000005b8      0x208 CMakeFiles/APARControllerSlave.elf.dir/Drivers/STM32F4xx_HAL_Driver/Src/stm32f4xx_hal_uart.c.obj

.debug_line     0x00000000     0xa998
 .debug_line    0x00000000      0xbd7 CMakeFiles/APARControllerSlave.elf.dir/Core/Src/bsp_crclib.c.obj
 .debug_line    0x00000bd7      0x1ca CMakeFiles/APARControllerSlave.elf.dir/Core/Src/bsp_fsm.c.obj
 .debug_line    0x00000da1      0x35f CMakeFiles/APARControllerSlave.elf.dir/Core/Src/bsp_handler.c.obj
 .debug_line    0x00001100      0x19e CMakeFiles/APARControllerSlave.elf.dir/Core/Src/bsp_mempool.c.obj
 .debug_line    0x0000129e      0x212 CMakeFiles/APARControllerSlave.elf.dir/Core/Src/bsp_protocol.c.obj
 .debug_line    0x000014b0      0x12f CMakeFiles/APARControllerSlave.elf.dir/Core/Src/bsp_utils.c.obj
 .debug_line    0x000015df      0x21d CMakeFiles/APARControllerSlave.elf.dir/Core/Src/dma.c.obj
 .debug_line    0x000017fc      0x1ad CMakeFiles/APARControllerSlave.elf.dir/Core/Src/gpio.c.obj
 .debug_line    0x000019a9      0x4cb CMakeFiles/APARControllerSlave.elf.dir/Core/Src/main.c.obj
 .debug_line    0x00001e74      0x1ba CMakeFiles/APARControllerSlave.elf.dir/Core/Src/stm32f4xx_hal_msp.c.obj
 .debug_line    0x0000202e      0x419 CMakeFiles/APARControllerSlave.elf.dir/Core/Src/stm32f4xx_it.c.obj
 .debug_line    0x00002447      0x283 CMakeFiles/APARControllerSlave.elf.dir/Core/Src/system_stm32f4xx.c.obj
 .debug_line    0x000026ca      0x47b CMakeFiles/APARControllerSlave.elf.dir/Core/Src/usart.c.obj
 .debug_line    0x00002b45       0xbd CMakeFiles/APARControllerSlave.elf.dir/Core/Startup/startup_stm32f407vetx.s.obj
 .debug_line    0x00002c02      0x635 CMakeFiles/APARControllerSlave.elf.dir/Drivers/STM32F4xx_HAL_Driver/Src/stm32f4xx_hal.c.obj
 .debug_line    0x00003237      0x848 CMakeFiles/APARControllerSlave.elf.dir/Drivers/STM32F4xx_HAL_Driver/Src/stm32f4xx_hal_cortex.c.obj
 .debug_line    0x00003a7f      0xebd CMakeFiles/APARControllerSlave.elf.dir/Drivers/STM32F4xx_HAL_Driver/Src/stm32f4xx_hal_dma.c.obj
 .debug_line    0x0000493c      0x779 CMakeFiles/APARControllerSlave.elf.dir/Drivers/STM32F4xx_HAL_Driver/Src/stm32f4xx_hal_gpio.c.obj
 .debug_line    0x000050b5      0xba8 CMakeFiles/APARControllerSlave.elf.dir/Drivers/STM32F4xx_HAL_Driver/Src/stm32f4xx_hal_rcc.c.obj
 .debug_line    0x00005c5d      0x67d CMakeFiles/APARControllerSlave.elf.dir/Drivers/STM32F4xx_HAL_Driver/Src/stm32f4xx_hal_rcc_ex.c.obj
 .debug_line    0x000062da     0x46be CMakeFiles/APARControllerSlave.elf.dir/Drivers/STM32F4xx_HAL_Driver/Src/stm32f4xx_hal_uart.c.obj

.debug_str      0x00000000     0x2dc0
 .debug_str     0x00000000      0x2ac CMakeFiles/APARControllerSlave.elf.dir/Core/Src/bsp_crclib.c.obj
                                0x2ff (size before relaxing)
 .debug_str     0x000002ac       0xd3 CMakeFiles/APARControllerSlave.elf.dir/Core/Src/bsp_fsm.c.obj
                                0x278 (size before relaxing)
 .debug_str     0x0000037f      0x50a CMakeFiles/APARControllerSlave.elf.dir/Core/Src/bsp_handler.c.obj
                                0x74a (size before relaxing)
 .debug_str     0x00000889       0x55 CMakeFiles/APARControllerSlave.elf.dir/Core/Src/bsp_mempool.c.obj
                                0x254 (size before relaxing)
 .debug_str     0x000008de       0xb6 CMakeFiles/APARControllerSlave.elf.dir/Core/Src/bsp_protocol.c.obj
                                0x2a0 (size before relaxing)
 .debug_str     0x00000994       0x5a CMakeFiles/APARControllerSlave.elf.dir/Core/Src/bsp_utils.c.obj
                                0x1f8 (size before relaxing)
 .debug_str     0x000009ee      0x667 CMakeFiles/APARControllerSlave.elf.dir/Core/Src/dma.c.obj
                                0x81f (size before relaxing)
 .debug_str     0x00001055       0x55 CMakeFiles/APARControllerSlave.elf.dir/Core/Src/gpio.c.obj
                                0x30b (size before relaxing)
 .debug_str     0x000010aa      0x255 CMakeFiles/APARControllerSlave.elf.dir/Core/Src/main.c.obj
                                0xa2c (size before relaxing)
 .debug_str     0x000012ff       0x61 CMakeFiles/APARControllerSlave.elf.dir/Core/Src/stm32f4xx_hal_msp.c.obj
                                0x317 (size before relaxing)
 .debug_str     0x00001360      0x18d CMakeFiles/APARControllerSlave.elf.dir/Core/Src/stm32f4xx_it.c.obj
                                0x7a7 (size before relaxing)
 .debug_str     0x000014ed       0xbc CMakeFiles/APARControllerSlave.elf.dir/Core/Src/system_stm32f4xx.c.obj
                                0x37d (size before relaxing)
 .debug_str     0x000015a9      0x13c CMakeFiles/APARControllerSlave.elf.dir/Core/Src/usart.c.obj
                                0xdbc (size before relaxing)
 .debug_str     0x000016e5       0x6b CMakeFiles/APARControllerSlave.elf.dir/Core/Startup/startup_stm32f407vetx.s.obj
                                 0xb5 (size before relaxing)
 .debug_str     0x00001750      0x396 CMakeFiles/APARControllerSlave.elf.dir/Drivers/STM32F4xx_HAL_Driver/Src/stm32f4xx_hal.c.obj
                                0xbb6 (size before relaxing)
 .debug_str     0x00001ae6      0x4c0 CMakeFiles/APARControllerSlave.elf.dir/Drivers/STM32F4xx_HAL_Driver/Src/stm32f4xx_hal_cortex.c.obj
                                0xc88 (size before relaxing)
 .debug_str     0x00001fa6      0x31f CMakeFiles/APARControllerSlave.elf.dir/Drivers/STM32F4xx_HAL_Driver/Src/stm32f4xx_hal_dma.c.obj
                                0x7d2 (size before relaxing)
 .debug_str     0x000022c5      0x18b CMakeFiles/APARControllerSlave.elf.dir/Drivers/STM32F4xx_HAL_Driver/Src/stm32f4xx_hal_gpio.c.obj
                                0x53c (size before relaxing)
 .debug_str     0x00002450      0x1ca CMakeFiles/APARControllerSlave.elf.dir/Drivers/STM32F4xx_HAL_Driver/Src/stm32f4xx_hal_rcc.c.obj
                                0x762 (size before relaxing)
 .debug_str     0x0000261a      0x1ae CMakeFiles/APARControllerSlave.elf.dir/Drivers/STM32F4xx_HAL_Driver/Src/stm32f4xx_hal_rcc_ex.c.obj
                                0x523 (size before relaxing)
 .debug_str     0x000027c8      0x5f8 CMakeFiles/APARControllerSlave.elf.dir/Drivers/STM32F4xx_HAL_Driver/Src/stm32f4xx_hal_uart.c.obj
                                0xdb5 (size before relaxing)

.comment        0x00000000       0x49
 .comment       0x00000000       0x49 CMakeFiles/APARControllerSlave.elf.dir/Core/Src/bsp_crclib.c.obj
                                 0x4a (size before relaxing)
 .comment       0x00000049       0x4a CMakeFiles/APARControllerSlave.elf.dir/Core/Src/bsp_fsm.c.obj
 .comment       0x00000049       0x4a CMakeFiles/APARControllerSlave.elf.dir/Core/Src/bsp_handler.c.obj
 .comment       0x00000049       0x4a CMakeFiles/APARControllerSlave.elf.dir/Core/Src/bsp_mempool.c.obj
 .comment       0x00000049       0x4a CMakeFiles/APARControllerSlave.elf.dir/Core/Src/bsp_protocol.c.obj
 .comment       0x00000049       0x4a CMakeFiles/APARControllerSlave.elf.dir/Core/Src/bsp_utils.c.obj
 .comment       0x00000049       0x4a CMakeFiles/APARControllerSlave.elf.dir/Core/Src/dma.c.obj
 .comment       0x00000049       0x4a CMakeFiles/APARControllerSlave.elf.dir/Core/Src/gpio.c.obj
 .comment       0x00000049       0x4a CMakeFiles/APARControllerSlave.elf.dir/Core/Src/main.c.obj
 .comment       0x00000049       0x4a CMakeFiles/APARControllerSlave.elf.dir/Core/Src/stm32f4xx_hal_msp.c.obj
 .comment       0x00000049       0x4a CMakeFiles/APARControllerSlave.elf.dir/Core/Src/stm32f4xx_it.c.obj
 .comment       0x00000049       0x4a CMakeFiles/APARControllerSlave.elf.dir/Core/Src/system_stm32f4xx.c.obj
 .comment       0x00000049       0x4a CMakeFiles/APARControllerSlave.elf.dir/Core/Src/usart.c.obj
 .comment       0x00000049       0x4a CMakeFiles/APARControllerSlave.elf.dir/Drivers/STM32F4xx_HAL_Driver/Src/stm32f4xx_hal.c.obj
 .comment       0x00000049       0x4a CMakeFiles/APARControllerSlave.elf.dir/Drivers/STM32F4xx_HAL_Driver/Src/stm32f4xx_hal_cortex.c.obj
 .comment       0x00000049       0x4a CMakeFiles/APARControllerSlave.elf.dir/Drivers/STM32F4xx_HAL_Driver/Src/stm32f4xx_hal_dma.c.obj
 .comment       0x00000049       0x4a CMakeFiles/APARControllerSlave.elf.dir/Drivers/STM32F4xx_HAL_Driver/Src/stm32f4xx_hal_gpio.c.obj
 .comment       0x00000049       0x4a CMakeFiles/APARControllerSlave.elf.dir/Drivers/STM32F4xx_HAL_Driver/Src/stm32f4xx_hal_rcc.c.obj
 .comment       0x00000049       0x4a CMakeFiles/APARControllerSlave.elf.dir/Drivers/STM32F4xx_HAL_Driver/Src/stm32f4xx_hal_rcc_ex.c.obj
 .comment       0x00000049       0x4a CMakeFiles/APARControllerSlave.elf.dir/Drivers/STM32F4xx_HAL_Driver/Src/stm32f4xx_hal_uart.c.obj

.debug_frame    0x00000000     0x1520
 .debug_frame   0x00000000      0x160 CMakeFiles/APARControllerSlave.elf.dir/Core/Src/bsp_crclib.c.obj
 .debug_frame   0x00000160       0x64 CMakeFiles/APARControllerSlave.elf.dir/Core/Src/bsp_fsm.c.obj
 .debug_frame   0x000001c4       0x78 CMakeFiles/APARControllerSlave.elf.dir/Core/Src/bsp_handler.c.obj
 .debug_frame   0x0000023c       0x5c CMakeFiles/APARControllerSlave.elf.dir/Core/Src/bsp_protocol.c.obj
 .debug_frame   0x00000298       0x40 CMakeFiles/APARControllerSlave.elf.dir/Core/Src/bsp_utils.c.obj
 .debug_frame   0x000002d8       0x30 CMakeFiles/APARControllerSlave.elf.dir/Core/Src/dma.c.obj
 .debug_frame   0x00000308       0x28 CMakeFiles/APARControllerSlave.elf.dir/Core/Src/gpio.c.obj
 .debug_frame   0x00000330       0x58 CMakeFiles/APARControllerSlave.elf.dir/Core/Src/main.c.obj
 .debug_frame   0x00000388       0x28 CMakeFiles/APARControllerSlave.elf.dir/Core/Src/stm32f4xx_hal_msp.c.obj
 .debug_frame   0x000003b0       0xf8 CMakeFiles/APARControllerSlave.elf.dir/Core/Src/stm32f4xx_it.c.obj
 .debug_frame   0x000004a8       0x30 CMakeFiles/APARControllerSlave.elf.dir/Core/Src/system_stm32f4xx.c.obj
 .debug_frame   0x000004d8       0x64 CMakeFiles/APARControllerSlave.elf.dir/Core/Src/usart.c.obj
 .debug_frame   0x0000053c      0x1ec CMakeFiles/APARControllerSlave.elf.dir/Drivers/STM32F4xx_HAL_Driver/Src/stm32f4xx_hal.c.obj
 .debug_frame   0x00000728      0x148 CMakeFiles/APARControllerSlave.elf.dir/Drivers/STM32F4xx_HAL_Driver/Src/stm32f4xx_hal_cortex.c.obj
 .debug_frame   0x00000870      0x188 CMakeFiles/APARControllerSlave.elf.dir/Drivers/STM32F4xx_HAL_Driver/Src/stm32f4xx_hal_dma.c.obj
 .debug_frame   0x000009f8       0xd8 CMakeFiles/APARControllerSlave.elf.dir/Drivers/STM32F4xx_HAL_Driver/Src/stm32f4xx_hal_gpio.c.obj
 .debug_frame   0x00000ad0      0x16c CMakeFiles/APARControllerSlave.elf.dir/Drivers/STM32F4xx_HAL_Driver/Src/stm32f4xx_hal_rcc.c.obj
 .debug_frame   0x00000c3c       0xa4 CMakeFiles/APARControllerSlave.elf.dir/Drivers/STM32F4xx_HAL_Driver/Src/stm32f4xx_hal_rcc_ex.c.obj
 .debug_frame   0x00000ce0      0x5cc CMakeFiles/APARControllerSlave.elf.dir/Drivers/STM32F4xx_HAL_Driver/Src/stm32f4xx_hal_uart.c.obj
 .debug_frame   0x000012ac       0x2c d:/code_env/gcc-arm-none-eabi-10.3-2021.10/bin/../lib/gcc/arm-none-eabi/10.3.1/thumb/v7e-m/nofp\libgcc.a(_aeabi_uldivmod.o)
 .debug_frame   0x000012d8       0x34 d:/code_env/gcc-arm-none-eabi-10.3-2021.10/bin/../lib/gcc/arm-none-eabi/10.3.1/thumb/v7e-m/nofp\libgcc.a(_udivmoddi4.o)
 .debug_frame   0x0000130c       0x2c d:/code_env/gcc-arm-none-eabi-10.3-2021.10/bin/../lib/gcc/arm-none-eabi/10.3.1/../../../../arm-none-eabi/lib/thumb/v7e-m/nofp\libg.a(lib_a-init.o)
 .debug_frame   0x00001338       0x28 d:/code_env/gcc-arm-none-eabi-10.3-2021.10/bin/../lib/gcc/arm-none-eabi/10.3.1/../../../../arm-none-eabi/lib/thumb/v7e-m/nofp\libg.a(lib_a-memcmp.o)
 .debug_frame   0x00001360       0x2c d:/code_env/gcc-arm-none-eabi-10.3-2021.10/bin/../lib/gcc/arm-none-eabi/10.3.1/../../../../arm-none-eabi/lib/thumb/v7e-m/nofp\libg.a(lib_a-memset.o)
 .debug_frame   0x0000138c       0x5c d:/code_env/gcc-arm-none-eabi-10.3-2021.10/bin/../lib/gcc/arm-none-eabi/10.3.1/../../../../arm-none-eabi/lib/thumb/v7e-m/nofp\libg.a(lib_a-__call_atexit.o)
 .debug_frame   0x000013e8       0x20 d:/code_env/gcc-arm-none-eabi-10.3-2021.10/bin/../lib/gcc/arm-none-eabi/10.3.1/../../../../arm-none-eabi/lib/thumb/v7e-m/nofp\libg.a(lib_a-atexit.o)
 .debug_frame   0x00001408       0x34 d:/code_env/gcc-arm-none-eabi-10.3-2021.10/bin/../lib/gcc/arm-none-eabi/10.3.1/../../../../arm-none-eabi/lib/thumb/v7e-m/nofp\libg.a(lib_a-fini.o)
 .debug_frame   0x0000143c       0xb0 d:/code_env/gcc-arm-none-eabi-10.3-2021.10/bin/../lib/gcc/arm-none-eabi/10.3.1/../../../../arm-none-eabi/lib/thumb/v7e-m/nofp\libg.a(lib_a-lock.o)
 .debug_frame   0x000014ec       0x34 d:/code_env/gcc-arm-none-eabi-10.3-2021.10/bin/../lib/gcc/arm-none-eabi/10.3.1/../../../../arm-none-eabi/lib/thumb/v7e-m/nofp\libg.a(lib_a-__atexit.o)
